// Vitest Snapshot v1, https://vitest.dev/guide/snapshot.html

exports[`Footer > matches the taken snapshot 1`] = `
<div>
  <footer>
    <address>
      <h1>
        Contact us
      </h1>
      Have a question or need assistance? We're here to help! Feel free to reach out to us using the contact information below:
      <h2>
        Customer Support
      </h2>
      <nav>
        <a
          href="+1-800-123-4567"
        >
          1-800-123-4567
        </a>
        <a
          href="mailto:support@swiftcartexpress.com"
        >
          support@swiftcartexpress.com
        </a>
      </nav>
      <h2>
        Business enquires
      </h2>
      <nav>
        <a
          href="+1-800-765-4321"
        >
          1-800-765-4321
        </a>
        <a
          href="mailto:business@swiftcartexpress.com"
        >
          business@swiftcartexpress.com
        </a>
      </nav>
      <h2>
        Address
      </h2>
      SwiftCart Provisions Express 123 Shopping Street Cityville, State 54321 Country
    </address>
  </footer>
</div>
`;
